[15:53:38] 
[15:53:38] ═══════════════════════════════════════════
[15:53:38]   FORGED BY FREEDOM PIPELINE
[15:53:38] ═══════════════════════════════════════════
[15:53:38] Started: Sun Feb  1 15:53:38 EST 2026
[15:53:38] Log: /Users/bryanantonelli/forged-by-freedom/ingest/logs/pipeline_20260201_155338.log
[15:53:38] 
[15:53:38] ═══════════════════════════════════════════
[15:53:38]   NODE 1: YOUTUBE TRANSCRIPT DOWNLOAD
[15:53:38] ═══════════════════════════════════════════
[15:53:38] Channels: /Users/bryanantonelli/forged-by-freedom/ingest/channels
[15:53:38] Rate limit: 15-45s between videos, 120s between channels
[15:53:38] 
[15:53:38] [1] @TonyHuge
/Users/bryanantonelli/Library/Python/3.9/lib/python/site-packages/urllib3/__init__.py:35: NotOpenSSLWarning: urllib3 v2 only supports OpenSSL 1.1.1+, currently the 'ssl' module is compiled with 'LibreSSL 2.8.3'. See: https://github.com/urllib3/urllib3/issues/3020
  warnings.warn(
Deprecated Feature: Support for Python version 3.9 has been deprecated. Please update to Python 3.10 or above
[youtube:tab] Extracting URL: https://www.youtube.com/@TonyHuge
[youtube:tab] @TonyHuge: Downloading webpage
[youtube:tab] Sleeping 30.00 seconds ...
[youtube:tab] Sleeping 2.0 seconds ...
[youtube:tab] @TonyHuge: Downloading webpage
[youtube:tab] Sleeping 30.00 seconds ...
[youtube:tab] Sleeping 2.0 seconds ...
[youtube:tab] @TonyHuge: Downloading webpage
[youtube:tab] Sleeping 30.00 seconds ...
[youtube:tab] Sleeping 2.0 seconds ...
[youtube:tab] @TonyHuge: Downloading webpage
[youtube:tab] Sleeping 2.0 seconds ...
[youtube:tab] @TonyHuge: Downloading API parameters API JSON
[youtube:tab] Sleeping 30.00 seconds ...
[youtube:tab] Sleeping 2.0 seconds ...
[youtube:tab] @TonyHuge: Downloading API parameters API JSON
[youtube:tab] Sleeping 30.00 seconds ...
[youtube:tab] Sleeping 2.0 seconds ...
[youtube:tab] @TonyHuge: Downloading API parameters API JSON
[youtube:tab] Sleeping 30.00 seconds ...
[youtube:tab] Sleeping 2.0 seconds ...
[youtube:tab] @TonyHuge: Downloading API parameters API JSON
ERROR: [youtube:tab] @TonyHuge: Unable to download API page: HTTP Error 404: Not Found (caused by <HTTPError 404: Not Found>)
[15:56:53]   ⚠ Retry 1/3
/Users/bryanantonelli/Library/Python/3.9/lib/python/site-packages/urllib3/__init__.py:35: NotOpenSSLWarning: urllib3 v2 only supports OpenSSL 1.1.1+, currently the 'ssl' module is compiled with 'LibreSSL 2.8.3'. See: https://github.com/urllib3/urllib3/issues/3020
  warnings.warn(
Deprecated Feature: Support for Python version 3.9 has been deprecated. Please update to Python 3.10 or above
[youtube:tab] Extracting URL: https://www.youtube.com/@TonyHuge
[youtube:tab] @TonyHuge: Downloading webpage
[youtube:tab] Sleeping 30.00 seconds ...
[youtube:tab] Sleeping 2.0 seconds ...
[youtube:tab] @TonyHuge: Downloading webpage
[youtube:tab] Sleeping 30.00 seconds ...
[youtube:tab] Sleeping 2.0 seconds ...
[youtube:tab] @TonyHuge: Downloading webpage
[youtube:tab] Sleeping 30.00 seconds ...
[youtube:tab] Sleeping 2.0 seconds ...
[youtube:tab] @TonyHuge: Downloading webpage
[youtube:tab] Sleeping 2.0 seconds ...
[youtube:tab] @TonyHuge: Downloading API parameters API JSON
[youtube:tab] Sleeping 30.00 seconds ...
[youtube:tab] Sleeping 2.0 seconds ...
[youtube:tab] @TonyHuge: Downloading API parameters API JSON
[youtube:tab] Sleeping 30.00 seconds ...
[youtube:tab] Sleeping 2.0 seconds ...
[youtube:tab] @TonyHuge: Downloading API parameters API JSON
[youtube:tab] Sleeping 30.00 seconds ...
[youtube:tab] Sleeping 2.0 seconds ...
[youtube:tab] @TonyHuge: Downloading API parameters API JSON
ERROR: [youtube:tab] @TonyHuge: Unable to download API page: HTTP Error 404: Not Found (caused by <HTTPError 404: Not Found>)
[16:05:08]   ⚠ Retry 2/3
/Users/bryanantonelli/Library/Python/3.9/lib/python/site-packages/urllib3/__init__.py:35: NotOpenSSLWarning: urllib3 v2 only supports OpenSSL 1.1.1+, currently the 'ssl' module is compiled with 'LibreSSL 2.8.3'. See: https://github.com/urllib3/urllib3/issues/3020
  warnings.warn(
Deprecated Feature: Support for Python version 3.9 has been deprecated. Please update to Python 3.10 or above
[youtube:tab] Extracting URL: https://www.youtube.com/@TonyHuge
[youtube:tab] @TonyHuge: Downloading webpage
[youtube:tab] Sleeping 30.00 seconds ...
[youtube:tab] Sleeping 2.0 seconds ...
[youtube:tab] @TonyHuge: Downloading webpage
[youtube:tab] Sleeping 30.00 seconds ...
[youtube:tab] Sleeping 2.0 seconds ...
[youtube:tab] @TonyHuge: Downloading webpage
[youtube:tab] Sleeping 30.00 seconds ...
[youtube:tab] Sleeping 2.0 seconds ...
[youtube:tab] @TonyHuge: Downloading webpage
[youtube:tab] Sleeping 2.0 seconds ...
[youtube:tab] @TonyHuge: Downloading API parameters API JSON
[youtube:tab] Sleeping 30.00 seconds ...
[youtube:tab] Sleeping 2.0 seconds ...
[youtube:tab] @TonyHuge: Downloading API parameters API JSON
[youtube:tab] Sleeping 30.00 seconds ...
[youtube:tab] Sleeping 2.0 seconds ...
[youtube:tab] @TonyHuge: Downloading API parameters API JSON
[youtube:tab] Sleeping 30.00 seconds ...
[youtube:tab] Sleeping 2.0 seconds ...
[youtube:tab] @TonyHuge: Downloading API parameters API JSON
ERROR: [youtube:tab] @TonyHuge: Unable to download API page: HTTP Error 404: Not Found (caused by <HTTPError 404: Not Found>)
[16:13:42]   ✗ Failed
[16:15:42] 
[16:15:42] [2] @SketchyMedical
/Users/bryanantonelli/Library/Python/3.9/lib/python/site-packages/urllib3/__init__.py:35: NotOpenSSLWarning: urllib3 v2 only supports OpenSSL 1.1.1+, currently the 'ssl' module is compiled with 'LibreSSL 2.8.3'. See: https://github.com/urllib3/urllib3/issues/3020
  warnings.warn(
Deprecated Feature: Support for Python version 3.9 has been deprecated. Please update to Python 3.10 or above
[youtube:tab] Extracting URL: https://www.youtube.com/@SketchyMedical
[youtube:tab] @SketchyMedical: Downloading webpage
[youtube:tab] Sleeping 30.00 seconds ...
[youtube:tab] Sleeping 2.0 seconds ...
[youtube:tab] @SketchyMedical: Downloading webpage
[youtube:tab] Sleeping 30.00 seconds ...
[youtube:tab] Sleeping 2.0 seconds ...
[youtube:tab] @SketchyMedical: Downloading webpage
[youtube:tab] Sleeping 30.00 seconds ...
[youtube:tab] Sleeping 2.0 seconds ...
[youtube:tab] @SketchyMedical: Downloading webpage
[youtube:tab] Sleeping 2.0 seconds ...
[youtube:tab] @SketchyMedical: Downloading API parameters API JSON
[youtube:tab] Sleeping 30.00 seconds ...
[youtube:tab] Sleeping 2.0 seconds ...
[youtube:tab] @SketchyMedical: Downloading API parameters API JSON
[youtube:tab] Sleeping 30.00 seconds ...
[youtube:tab] Sleeping 2.0 seconds ...
[youtube:tab] @SketchyMedical: Downloading API parameters API JSON
[youtube:tab] Sleeping 30.00 seconds ...
[youtube:tab] Sleeping 2.0 seconds ...
[youtube:tab] @SketchyMedical: Downloading API parameters API JSON
ERROR: [youtube:tab] @SketchyMedical: Unable to download API page: HTTP Error 404: Not Found (caused by <HTTPError 404: Not Found>)
[16:18:57]   ⚠ Retry 1/3
/Users/bryanantonelli/Library/Python/3.9/lib/python/site-packages/urllib3/__init__.py:35: NotOpenSSLWarning: urllib3 v2 only supports OpenSSL 1.1.1+, currently the 'ssl' module is compiled with 'LibreSSL 2.8.3'. See: https://github.com/urllib3/urllib3/issues/3020
  warnings.warn(
Deprecated Feature: Support for Python version 3.9 has been deprecated. Please update to Python 3.10 or above
[youtube:tab] Extracting URL: https://www.youtube.com/@SketchyMedical
[youtube:tab] @SketchyMedical: Downloading webpage
[youtube:tab] Sleeping 30.00 seconds ...
[youtube:tab] Sleeping 2.0 seconds ...
[youtube:tab] @SketchyMedical: Downloading webpage
[youtube:tab] Sleeping 30.00 seconds ...
[youtube:tab] Sleeping 2.0 seconds ...
[youtube:tab] @SketchyMedical: Downloading webpage
[youtube:tab] Sleeping 30.00 seconds ...
[youtube:tab] Sleeping 2.0 seconds ...
[youtube:tab] @SketchyMedical: Downloading webpage
[youtube:tab] Sleeping 2.0 seconds ...
[youtube:tab] @SketchyMedical: Downloading API parameters API JSON
[youtube:tab] Sleeping 30.00 seconds ...
[youtube:tab] Sleeping 2.0 seconds ...
[youtube:tab] @SketchyMedical: Downloading API parameters API JSON
[youtube:tab] Sleeping 30.00 seconds ...
[youtube:tab] Sleeping 2.0 seconds ...
[youtube:tab] @SketchyMedical: Downloading API parameters API JSON
[youtube:tab] Sleeping 30.00 seconds ...
[youtube:tab] Sleeping 2.0 seconds ...
[youtube:tab] @SketchyMedical: Downloading API parameters API JSON
ERROR: [youtube:tab] @SketchyMedical: Unable to download API page: HTTP Error 404: Not Found (caused by <HTTPError 404: Not Found>)
[16:27:12]   ⚠ Retry 2/3
/Users/bryanantonelli/Library/Python/3.9/lib/python/site-packages/urllib3/__init__.py:35: NotOpenSSLWarning: urllib3 v2 only supports OpenSSL 1.1.1+, currently the 'ssl' module is compiled with 'LibreSSL 2.8.3'. See: https://github.com/urllib3/urllib3/issues/3020
  warnings.warn(
Deprecated Feature: Support for Python version 3.9 has been deprecated. Please update to Python 3.10 or above
[youtube:tab] Extracting URL: https://www.youtube.com/@SketchyMedical
[youtube:tab] @SketchyMedical: Downloading webpage
[youtube:tab] Sleeping 30.00 seconds ...
[youtube:tab] Sleeping 2.0 seconds ...
[youtube:tab] @SketchyMedical: Downloading webpage
[youtube:tab] Sleeping 30.00 seconds ...
[youtube:tab] Sleeping 2.0 seconds ...
[youtube:tab] @SketchyMedical: Downloading webpage
[youtube:tab] Sleeping 30.00 seconds ...
