=== RESEARCH FETCH ===

============================================================
PUBMED RESEARCH FETCHER
============================================================
Topics: 58
Max per topic: 100
Already fetched: 878
Output: /Users/bryanantonelli/forged-by-freedom/ingest/channels/@PubMed
============================================================

[1/58] resistance training muscle hypertrophy
  ✓ Fetched 37 articles
[2/58] strength training adaptations
  ✓ Fetched 42 articles
[3/58] muscle protein synthesis exercise
  ✓ Fetched 46 articles
[4/58] skeletal muscle hypertrophy mechanisms
  ✓ Fetched 49 articles
[5/58] neuromuscular adaptations strength
  ✓ Fetched 47 articles
[6/58] eccentric training muscle damage
  ✓ Fetched 49 articles
[7/58] training volume muscle growth
  ✓ Fetched 49 articles
[8/58] training frequency hypertrophy
  ✓ Fetched 51 articles
[9/58] athletic performance enhancement
  ✓ Fetched 52 articles
[10/58] exercise performance nutrition
  ✓ Fetched 48 articles
[11/58] recovery exercise training
  ✓ Fetched 51 articles
[12/58] overtraining syndrome athletes
  ✓ Fetched 54 articles
[13/58] periodization training athletes
  ✓ Fetched 49 articles
[14/58] high intensity interval training
  ✓ Fetched 51 articles
[15/58] protein intake muscle mass
  ✓ Fetched 48 articles
[16/58] creatine supplementation performance
  ✓ Fetched 45 articles
[17/58] beta alanine exercise performance
  ✓ Fetched 52 articles
[18/58] caffeine athletic performance
  ✓ Fetched 50 articles
[19/58] branched chain amino acids muscle
  ✓ Fetched 50 articles
[20/58] whey protein muscle synthesis
  ✓ Fetched 44 articles
[21/58] nutrient timing exercise
  ✓ Fetched 85 articles
[22/58] carbohydrate exercise performance
  ✓ Fetched 86 articles
[23/58] testosterone muscle mass
  ✓ Fetched 90 articles
[24/58] growth hormone exercise
  ✓ Fetched 93 articles
[25/58] insulin like growth factor muscle
  ✓ Fetched 97 articles
[26/58] cortisol exercise stress
  ✓ Fetched 95 articles
[27/58] thyroid hormone metabolism exercise
  ✓ Fetched 99 articles
[28/58] leptin ghrelin appetite exercise
  ✓ Fetched 100 articles
[29/58] anabolic steroids muscle mass review
  ✓ Fetched 97 articles
[30/58] testosterone replacement therapy
  ✓ Fetched 99 articles
[31/58] selective androgen receptor modulators
  ✓ Fetched 97 articles
[32/58] growth hormone deficiency treatment
  ✓ Fetched 99 articles
[33/58] peptide hormones performance
  ✓ Fetched 99 articles
[34/58] body composition assessment methods
  ✓ Fetched 95 articles
[35/58] fat loss preservation muscle mass
  ✓ Fetched 93 articles
[36/58] metabolic adaptation weight loss
  ✓ Fetched 93 articles
[37/58] brown adipose tissue thermogenesis
  ✓ Fetched 100 articles
[38/58] visceral fat health outcomes
  ✓ Fetched 98 articles
[39/58] cardiovascular adaptations exercise
  ✓ Fetched 96 articles
[40/58] heart rate variability training
  ✓ Fetched 100 articles
[41/58] blood pressure exercise intervention
  ✓ Fetched 99 articles
[42/58] endothelial function exercise
  ✓ Fetched 95 articles
[43/58] muscle recovery post exercise
  ✓ Fetched 78 articles
[44/58] sleep athletic performance
  ✓ Fetched 93 articles
[45/58] cold water immersion recovery
  ✓ Fetched 91 articles
[46/58] foam rolling muscle recovery
  ✓ Fetched 72 articles
[47/58] tendon adaptation resistance training
  ✓ Fetched 90 articles
[48/58] injury prevention athletes
  ✓ Fetched 100 articles
[49/58] sarcopenia resistance training
  ✓ Fetched 86 articles
[50/58] aging muscle mass strength
  ✓ Fetched 97 articles
[51/58] longevity exercise intervention
  ✓ Fetched 96 articles
[52/58] healthspan physical activity
  ✓ Fetched 86 articles
[53/58] mitochondrial function exercise aging
  ✓ Fetched 92 articles
[54/58] type 2 diabetes exercise intervention
  ✓ Fetched 85 articles
[55/58] obesity exercise weight loss
  ✓ Fetched 91 articles
[56/58] metabolic syndrome exercise
  ✓ Fetched 92 articles
[57/58] osteoporosis resistance training
  ✓ Fetched 86 articles
[58/58] low back pain exercise therapy
  ✓ Fetched 100 articles

============================================================
COMPLETE: 4318 new articles fetched
Total cached: 5196
============================================================


============================================================
CLINICALTRIALS.GOV FETCHER
============================================================
Topics: 30
Max per topic: 100
Already fetched: 0
Output: /Users/bryanantonelli/forged-by-freedom/ingest/channels/@ClinicalTrials
============================================================

[1/30] resistance training
  ✓ Fetched 100 new trials
[2/30] strength training
  ✓ Fetched 42 new trials
[3/30] high intensity interval training
  ✓ Fetched 83 new trials
[4/30] aerobic exercise
  ✓ Fetched 52 new trials
[5/30] exercise intervention obesity
  ✓ Fetched 84 new trials
[6/30] exercise intervention diabetes
  ✓ Fetched 55 new trials
[7/30] exercise muscle mass
  ✓ Fetched 44 new trials
[8/30] physical activity intervention
  ✓ Fetched 75 new trials
[9/30] creatine supplementation
  ✓ Fetched 94 new trials
[10/30] protein supplementation
  ✓ Fetched 85 new trials
[11/30] beta alanine
  ✓ Fetched 95 new trials
[12/30] caffeine exercise
  ✓ Fetched 92 new trials
[13/30] vitamin D muscle
  ✓ Fetched 95 new trials
[14/30] omega 3 exercise
  ✓ Fetched 93 new trials
[15/30] HMB supplementation
  ✓ Fetched 77 new trials
[16/30] testosterone replacement
  ✓ Fetched 99 new trials
[17/30] growth hormone treatment
  ✓ Fetched 96 new trials
[18/30] DHEA supplementation
  ✓ Fetched 36 new trials
[19/30] body composition exercise
  ✓ Fetched 26 new trials
[20/30] weight loss exercise
  ✓ Fetched 36 new trials
[21/30] fat loss muscle
  ✓ Fetched 66 new trials
[22/30] sarcopenia intervention
  ✓ Fetched 72 new trials
[23/30] athletic performance
  ✓ Fetched 91 new trials
[24/30] sports nutrition
  ✓ Fetched 70 new trials
[25/30] recovery exercise
  ✓ Fetched 51 new trials
[26/30] sleep athletes
  ✓ Fetched 91 new trials
[27/30] muscle rehabilitation
  ✓ Fetched 53 new trials
[28/30] tendon injury
  ✓ Fetched 88 new trials
[29/30] low back pain exercise
  ✓ Fetched 80 new trials
[30/30] knee osteoarthritis exercise
  ✓ Fetched 77 new trials

============================================================
COMPLETE: 2198 new trials fetched
Total cached: 2198
============================================================

=== RESEARCH COMPLETE ===
