=== YOUTUBE DOWNLOAD START: Sun Feb  1 15:50:11 EST 2026 ===
[15:50:12] 
[15:50:12] ═══════════════════════════════════════════
[15:50:12]   FORGED BY FREEDOM PIPELINE
[15:50:12] ═══════════════════════════════════════════
[15:50:12] Started: Sun Feb  1 15:50:12 EST 2026
[15:50:12] Log: /Users/bryanantonelli/forged-by-freedom/ingest/logs/pipeline_20260201_155012.log
[15:50:12] 
[15:50:12] ═══════════════════════════════════════════
[15:50:12]   NODE 1: YOUTUBE TRANSCRIPT DOWNLOAD
[15:50:12] ═══════════════════════════════════════════
[15:50:12] Channels: /Users/bryanantonelli/forged-by-freedom/ingest/channels
[15:50:12] Rate limit: 15-45s between videos, 120s between channels
./pipeline.sh: line 36: shuf: command not found
[15:50:12] 
[15:50:12] Download complete: 0 succeeded, 0 failed
[15:50:12] 
[15:50:12] ═══════════════════════════════════════════
[15:50:12]   PIPELINE COMPLETE
[15:50:12] ═══════════════════════════════════════════
[15:50:12] Finished: Sun Feb  1 15:50:12 EST 2026
=== YOUTUBE DOWNLOAD COMPLETE: Sun Feb  1 15:50:12 EST 2026 ===
=== YOUTUBE DOWNLOAD RESTART: Sun Feb  1 15:50:36 EST 2026 ===
[15:50:36] 
[15:50:36] ═══════════════════════════════════════════
[15:50:36]   FORGED BY FREEDOM PIPELINE
[15:50:36] ═══════════════════════════════════════════
[15:50:36] Started: Sun Feb  1 15:50:36 EST 2026
[15:50:36] Log: /Users/bryanantonelli/forged-by-freedom/ingest/logs/pipeline_20260201_155036.log
[15:50:36] 
[15:50:36] ═══════════════════════════════════════════
[15:50:36]   NODE 1: YOUTUBE TRANSCRIPT DOWNLOAD
[15:50:36] ═══════════════════════════════════════════
[15:50:36] Channels: /Users/bryanantonelli/forged-by-freedom/ingest/channels
[15:50:36] Rate limit: 15-45s between videos, 120s between channels
[15:50:36] 
[15:50:36] [1] @anabolicuniversity
[15:50:36]   ⚠ Retry 1/3
=== YOUTUBE DOWNLOAD RESTART Sun Feb  1 15:52:55 EST 2026 ===
[15:52:55] 
[15:52:55] ═══════════════════════════════════════════
[15:52:55]   FORGED BY FREEDOM PIPELINE
[15:52:55] ═══════════════════════════════════════════
[15:52:55] Started: Sun Feb  1 15:52:55 EST 2026
[15:52:55] Log: /Users/bryanantonelli/forged-by-freedom/ingest/logs/pipeline_20260201_155255.log
[15:52:55] 
[15:52:55] ═══════════════════════════════════════════
[15:52:55]   NODE 1: YOUTUBE TRANSCRIPT DOWNLOAD
[15:52:55] ═══════════════════════════════════════════
[15:52:55] Channels: /Users/bryanantonelli/forged-by-freedom/ingest/channels
[15:52:55] Rate limit: 15-45s between videos, 120s between channels
[15:52:55] 
[15:52:55] [1] @AlbertNunez3DMJ
[15:52:55]   ⚠ Retry 1/3
=== YOUTUBE DOWNLOAD RESTART Sun Feb  1 15:53:37 EST 2026 ===
[15:53:38] 
[15:53:38] ═══════════════════════════════════════════
[15:53:38]   FORGED BY FREEDOM PIPELINE
[15:53:38] ═══════════════════════════════════════════
[15:53:38] Started: Sun Feb  1 15:53:38 EST 2026
[15:53:38] Log: /Users/bryanantonelli/forged-by-freedom/ingest/logs/pipeline_20260201_155338.log
[15:53:38] 
[15:53:38] ═══════════════════════════════════════════
[15:53:38]   NODE 1: YOUTUBE TRANSCRIPT DOWNLOAD
[15:53:38] ═══════════════════════════════════════════
[15:53:38] Channels: /Users/bryanantonelli/forged-by-freedom/ingest/channels
[15:53:38] Rate limit: 15-45s between videos, 120s between channels
[15:53:38] 
[15:53:38] [1] @TonyHuge
[15:56:53]   ⚠ Retry 1/3
