----- CLI crash report at 2025-12-26T22:23:37.168Z
Error Trace
FailedToIdentifyProgramFlow: FailedToIdentifyProgramFlow
    at _Command.<anonymous> (/opt/homebrew/lib/node_modules/@wix/cli/src/program.ts:76:15)
    at _Command.emit (node:events:508:28)
    at _Command._parseCommand (/opt/homebrew/lib/node_modules/node_modules/commander/lib/command.js:1607:14)
    at _Command.parseAsync (/opt/homebrew/lib/node_modules/node_modules/commander/lib/command.js:1104:16)
    at <anonymous> (/opt/homebrew/lib/node_modules/@wix/cli/src/index.tsx:88:39)
Error Info
{}
----- CLI crash report at 2025-12-26T22:26:34.935Z
Error Trace
FailedToIdentifyProgramFlow: FailedToIdentifyProgramFlow
    at _Command.<anonymous> (/opt/homebrew/lib/node_modules/@wix/cli/src/program.ts:76:15)
    at _Command.emit (node:events:508:28)
    at _Command._parseCommand (/opt/homebrew/lib/node_modules/node_modules/commander/lib/command.js:1607:14)
    at _Command.parseAsync (/opt/homebrew/lib/node_modules/node_modules/commander/lib/command.js:1104:16)
    at <anonymous> (/opt/homebrew/lib/node_modules/@wix/cli/src/index.tsx:88:39)
Error Info
{}
----- CLI crash report at 2025-12-26T22:28:24.826Z
Error Trace
FailedToIdentifyProgramFlow: FailedToIdentifyProgramFlow
    at _Command.<anonymous> (/opt/homebrew/lib/node_modules/@wix/cli/src/program.ts:76:15)
    at _Command.emit (node:events:508:28)
    at _Command._parseCommand (/opt/homebrew/lib/node_modules/node_modules/commander/lib/command.js:1607:14)
    at _Command.parseAsync (/opt/homebrew/lib/node_modules/node_modules/commander/lib/command.js:1104:16)
    at <anonymous> (/opt/homebrew/lib/node_modules/@wix/cli/src/index.tsx:88:39)
Error Info
{}
----- CLI crash report at 2025-12-26T22:31:41.987Z
Error Trace
FailedToIdentifyProgramFlow: FailedToIdentifyProgramFlow
    at _Command.<anonymous> (/opt/homebrew/lib/node_modules/@wix/cli/src/program.ts:76:15)
    at _Command.emit (node:events:508:28)
    at _Command._parseCommand (/opt/homebrew/lib/node_modules/node_modules/commander/lib/command.js:1607:14)
    at _Command.parseAsync (/opt/homebrew/lib/node_modules/node_modules/commander/lib/command.js:1104:16)
    at <anonymous> (/opt/homebrew/lib/node_modules/@wix/cli/src/index.tsx:88:39)
Error Info
{}
